----------- Running Command ----------
COMMAND: /rwthfs/rz/cluster/home/thes2181/python/smartsim_cpu/lib/python3.9/site-packages/smartsim/_core/bin/redis-server /rwthfs/rz/cluster/home/thes2181/python/smartsim_cpu/lib/python3.9/site-packages/smartsim/_core/config/redis.conf --loadmodule /rwthfs/rz/cluster/home/thes2181/python/smartsim_cpu/lib/python3.9/site-packages/smartsim/_core/lib/redisai.so THREADS_PER_QUEUE 1 INTER_OP_PARALLELISM 1 INTRA_OP_PARALLELISM 1 --port 6781 --bind 127.0.0.1 --bind-source-addr 127.0.0.1
IPADDRESS: 127.0.0.1
NETWORK: lo
SMARTSIM_ORC_SHARD_INFO: {"name": "orchestrator_0", "hostname": "127.0.0.1", "port": 6781, "cluster": false}
--------------------------------------

--------------- Output ---------------


22174:C 24 Jul 2026 02:52:36.562 # WARNING Memory overcommit must be enabled! Without it, a background save or replication may fail under low memory condition. To fix this issue add 'vm.overcommit_memory = 1' to /etc/sysctl.conf and then reboot or run the command 'sysctl vm.overcommit_memory=1' for this to take effect.
22174:C 24 Jul 2026 02:52:36.562 * oO0OoO0OoO0Oo Redis is starting oO0OoO0OoO0Oo
22174:C 24 Jul 2026 02:52:36.562 * Redis version=7.2.4, bits=64, commit=d2c8a4b9, modified=0, pid=22174, just started
22174:C 24 Jul 2026 02:52:36.562 * Configuration loaded
22174:M 24 Jul 2026 02:52:36.563 * monotonic clock: POSIX clock_gettime
22174:M 24 Jul 2026 02:52:36.564 # Failed to write PID file: Permission denied
                _._
           _.-``__ ''-._
      _.-``    `.  `_.  ''-._           Redis 7.2.4 (d2c8a4b9/0) 64 bit
  .-`` .-```.  ```\/    _.,_ ''-._
 (    '      ,       .-`  | `,    )     Running in standalone mode
 |`-._`-...-` __...-.``-._|'` _.-'|     Port: 6781
 |    `-._   `._    /     _.-'    |     PID: 22174
  `-._    `-._  `-./  _.-'    _.-'
 |`-._`-._    `-.__.-'    _.-'_.-'|
 |    `-._`-._        _.-'_.-'    |           https://redis.io
  `-._    `-._`-.__.-'_.-'    _.-'
 |`-._`-._    `-.__.-'    _.-'_.-'|
 |    `-._`-._        _.-'_.-'    |
  `-._    `-._`-.__.-'_.-'    _.-'
      `-._    `-.__.-'    _.-'
          `-._        _.-'
              `-.__.-'

22174:M 24 Jul 2026 02:52:36.564 * <ai> Redis version found by RedisAI: 7.2.4 - oss
22174:M 24 Jul 2026 02:52:36.564 * <ai> RedisAI version 10207, git_sha=unknown
22174:M 24 Jul 2026 02:52:36.564 * <ai> Setting THREADS_PER_QUEUE parameter to: 1
22174:M 24 Jul 2026 02:52:36.564 * <ai> Setting INTER_OP_PARALLELISM parameter to: 1
22174:M 24 Jul 2026 02:52:36.564 * <ai> Setting INTRA_OP_PARALLELISM parameter to: 1
22174:M 24 Jul 2026 02:52:36.564 * Module 'ai' loaded from /rwthfs/rz/cluster/home/thes2181/python/smartsim_cpu/lib/python3.9/site-packages/smartsim/_core/lib/redisai.so
22174:M 24 Jul 2026 02:52:36.564 * Server initialized
22174:M 24 Jul 2026 02:52:36.565 * Ready to accept connections tcp
22174:M 24 Jul 2026 02:52:53.268 # <ai> backend TORCH not loaded, will try loading default backend
22174:M 24 Jul 2026 02:52:53.576 * <ai> TORCH backend loaded from /rwthfs/rz/cluster/home/thes2181/python/smartsim_cpu/lib/python3.9/site-packages/smartsim/_core/lib/backends/redisai_torch/redisai_torch.so
22174:M 24 Jul 2026 02:56:13.958 * User requested shutdown...
22174:M 24 Jul 2026 02:56:13.958 * <ai> Clearing resources on shutdown
22174:M 24 Jul 2026 02:56:13.958 * Removing the pid file.
22174:M 24 Jul 2026 02:56:13.958 # Redis is now ready to exit, bye bye...
