----------- Running Command ----------
COMMAND: /rwthfs/rz/cluster/home/thes2181/python/smartsim_cpu/lib/python3.9/site-packages/smartsim/_core/bin/redis-server /rwthfs/rz/cluster/home/thes2181/python/smartsim_cpu/lib/python3.9/site-packages/smartsim/_core/config/redis.conf --loadmodule /rwthfs/rz/cluster/home/thes2181/python/smartsim_cpu/lib/python3.9/site-packages/smartsim/_core/lib/redisai.so THREADS_PER_QUEUE 1 INTER_OP_PARALLELISM 1 INTRA_OP_PARALLELISM 1 --port 6781 --bind 127.0.0.1 --bind-source-addr 127.0.0.1
IPADDRESS: 127.0.0.1
NETWORK: lo
SMARTSIM_ORC_SHARD_INFO: {"name": "orchestrator_0", "hostname": "127.0.0.1", "port": 6781, "cluster": false}
--------------------------------------

--------------- Output ---------------


112430:C 24 Jul 2026 04:58:56.507 # WARNING Memory overcommit must be enabled! Without it, a background save or replication may fail under low memory condition. To fix this issue add 'vm.overcommit_memory = 1' to /etc/sysctl.conf and then reboot or run the command 'sysctl vm.overcommit_memory=1' for this to take effect.
112430:C 24 Jul 2026 04:58:56.507 * oO0OoO0OoO0Oo Redis is starting oO0OoO0OoO0Oo
112430:C 24 Jul 2026 04:58:56.507 * Redis version=7.2.4, bits=64, commit=d2c8a4b9, modified=0, pid=112430, just started
112430:C 24 Jul 2026 04:58:56.507 * Configuration loaded
112430:M 24 Jul 2026 04:58:56.507 * monotonic clock: POSIX clock_gettime
112430:M 24 Jul 2026 04:58:56.508 # Failed to write PID file: Permission denied
                _._
           _.-``__ ''-._
      _.-``    `.  `_.  ''-._           Redis 7.2.4 (d2c8a4b9/0) 64 bit
  .-`` .-```.  ```\/    _.,_ ''-._
 (    '      ,       .-`  | `,    )     Running in standalone mode
 |`-._`-...-` __...-.``-._|'` _.-'|     Port: 6781
 |    `-._   `._    /     _.-'    |     PID: 112430
  `-._    `-._  `-./  _.-'    _.-'
 |`-._`-._    `-.__.-'    _.-'_.-'|
 |    `-._`-._        _.-'_.-'    |           https://redis.io
  `-._    `-._`-.__.-'_.-'    _.-'
 |`-._`-._    `-.__.-'    _.-'_.-'|
 |    `-._`-._        _.-'_.-'    |
  `-._    `-._`-.__.-'_.-'    _.-'
      `-._    `-.__.-'    _.-'
          `-._        _.-'
              `-.__.-'

112430:M 24 Jul 2026 04:58:56.509 * <ai> Redis version found by RedisAI: 7.2.4 - oss
112430:M 24 Jul 2026 04:58:56.509 * <ai> RedisAI version 10207, git_sha=unknown
112430:M 24 Jul 2026 04:58:56.509 * <ai> Setting THREADS_PER_QUEUE parameter to: 1
112430:M 24 Jul 2026 04:58:56.509 * <ai> Setting INTER_OP_PARALLELISM parameter to: 1
112430:M 24 Jul 2026 04:58:56.509 * <ai> Setting INTRA_OP_PARALLELISM parameter to: 1
112430:M 24 Jul 2026 04:58:56.509 * Module 'ai' loaded from /rwthfs/rz/cluster/home/thes2181/python/smartsim_cpu/lib/python3.9/site-packages/smartsim/_core/lib/redisai.so
112430:M 24 Jul 2026 04:58:56.509 * Server initialized
112430:M 24 Jul 2026 04:58:56.510 * Ready to accept connections tcp
112430:M 24 Jul 2026 04:59:15.956 # <ai> backend TORCH not loaded, will try loading default backend
112430:M 24 Jul 2026 04:59:16.284 * <ai> TORCH backend loaded from /rwthfs/rz/cluster/home/thes2181/python/smartsim_cpu/lib/python3.9/site-packages/smartsim/_core/lib/backends/redisai_torch/redisai_torch.so
112430:M 24 Jul 2026 05:02:31.423 * User requested shutdown...
112430:M 24 Jul 2026 05:02:31.423 * <ai> Clearing resources on shutdown
112430:M 24 Jul 2026 05:02:31.423 * Removing the pid file.
112430:M 24 Jul 2026 05:02:31.423 # Redis is now ready to exit, bye bye...
