----------- Running Command ----------
COMMAND: /rwthfs/rz/cluster/home/thes2181/python/smartsim_cpu/lib/python3.9/site-packages/smartsim/_core/bin/redis-server /rwthfs/rz/cluster/home/thes2181/python/smartsim_cpu/lib/python3.9/site-packages/smartsim/_core/config/redis.conf --loadmodule /rwthfs/rz/cluster/home/thes2181/python/smartsim_cpu/lib/python3.9/site-packages/smartsim/_core/lib/redisai.so --port 6780 --bind 127.0.0.1 --bind-source-addr 127.0.0.1
IPADDRESS: 127.0.0.1
NETWORK: lo
SMARTSIM_ORC_SHARD_INFO: {"name": "orchestrator_0", "hostname": "127.0.0.1", "port": 6780, "cluster": false}
--------------------------------------

--------------- Output ---------------


237339:C 23 Jul 2026 16:54:23.263 # WARNING Memory overcommit must be enabled! Without it, a background save or replication may fail under low memory condition. To fix this issue add 'vm.overcommit_memory = 1' to /etc/sysctl.conf and then reboot or run the command 'sysctl vm.overcommit_memory=1' for this to take effect.
237339:C 23 Jul 2026 16:54:23.263 * oO0OoO0OoO0Oo Redis is starting oO0OoO0OoO0Oo
237339:C 23 Jul 2026 16:54:23.263 * Redis version=7.2.4, bits=64, commit=d2c8a4b9, modified=0, pid=237339, just started
237339:C 23 Jul 2026 16:54:23.263 * Configuration loaded
237339:M 23 Jul 2026 16:54:23.263 * monotonic clock: POSIX clock_gettime
237339:M 23 Jul 2026 16:54:23.264 # Failed to write PID file: Permission denied
                _._
           _.-``__ ''-._
      _.-``    `.  `_.  ''-._           Redis 7.2.4 (d2c8a4b9/0) 64 bit
  .-`` .-```.  ```\/    _.,_ ''-._
 (    '      ,       .-`  | `,    )     Running in standalone mode
 |`-._`-...-` __...-.``-._|'` _.-'|     Port: 6780
 |    `-._   `._    /     _.-'    |     PID: 237339
  `-._    `-._  `-./  _.-'    _.-'
 |`-._`-._    `-.__.-'    _.-'_.-'|
 |    `-._`-._        _.-'_.-'    |           https://redis.io
  `-._    `-._`-.__.-'_.-'    _.-'
 |`-._`-._    `-.__.-'    _.-'_.-'|
 |    `-._`-._        _.-'_.-'    |
  `-._    `-._`-.__.-'_.-'    _.-'
      `-._    `-.__.-'    _.-'
          `-._        _.-'
              `-.__.-'

237339:M 23 Jul 2026 16:54:23.265 * <ai> Redis version found by RedisAI: 7.2.4 - oss
237339:M 23 Jul 2026 16:54:23.265 * <ai> RedisAI version 10207, git_sha=unknown
237339:M 23 Jul 2026 16:54:23.265 * Module 'ai' loaded from /rwthfs/rz/cluster/home/thes2181/python/smartsim_cpu/lib/python3.9/site-packages/smartsim/_core/lib/redisai.so
237339:M 23 Jul 2026 16:54:23.265 * Server initialized
237339:M 23 Jul 2026 16:54:23.266 * Ready to accept connections tcp
237339:M 23 Jul 2026 16:54:40.265 # <ai> backend TORCH not loaded, will try loading default backend
237339:M 23 Jul 2026 16:54:40.570 * <ai> TORCH backend loaded from /rwthfs/rz/cluster/home/thes2181/python/smartsim_cpu/lib/python3.9/site-packages/smartsim/_core/lib/backends/redisai_torch/redisai_torch.so
237339:M 23 Jul 2026 16:58:01.642 * User requested shutdown...
237339:M 23 Jul 2026 16:58:01.642 * <ai> Clearing resources on shutdown
237339:M 23 Jul 2026 16:58:01.642 * Removing the pid file.
237339:M 23 Jul 2026 16:58:01.642 # Redis is now ready to exit, bye bye...
