----------- Running Command ----------
COMMAND: /rwthfs/rz/cluster/home/thes2181/python/smartsim_cpu/lib/python3.9/site-packages/smartsim/_core/bin/redis-server /rwthfs/rz/cluster/home/thes2181/python/smartsim_cpu/lib/python3.9/site-packages/smartsim/_core/config/redis.conf --loadmodule /rwthfs/rz/cluster/home/thes2181/python/smartsim_cpu/lib/python3.9/site-packages/smartsim/_core/lib/redisai.so --port 6781 --bind 127.0.0.1 --bind-source-addr 127.0.0.1
IPADDRESS: 127.0.0.1
NETWORK: lo
SMARTSIM_ORC_SHARD_INFO: {"name": "orchestrator_0", "hostname": "127.0.0.1", "port": 6781, "cluster": false}
--------------------------------------

--------------- Output ---------------


232789:C 23 Jul 2026 16:48:21.724 # WARNING Memory overcommit must be enabled! Without it, a background save or replication may fail under low memory condition. To fix this issue add 'vm.overcommit_memory = 1' to /etc/sysctl.conf and then reboot or run the command 'sysctl vm.overcommit_memory=1' for this to take effect.
232789:C 23 Jul 2026 16:48:21.724 * oO0OoO0OoO0Oo Redis is starting oO0OoO0OoO0Oo
232789:C 23 Jul 2026 16:48:21.724 * Redis version=7.2.4, bits=64, commit=d2c8a4b9, modified=0, pid=232789, just started
232789:C 23 Jul 2026 16:48:21.724 * Configuration loaded
232789:M 23 Jul 2026 16:48:21.724 * monotonic clock: POSIX clock_gettime
232789:M 23 Jul 2026 16:48:21.725 # Failed to write PID file: Permission denied
                _._
           _.-``__ ''-._
      _.-``    `.  `_.  ''-._           Redis 7.2.4 (d2c8a4b9/0) 64 bit
  .-`` .-```.  ```\/    _.,_ ''-._
 (    '      ,       .-`  | `,    )     Running in standalone mode
 |`-._`-...-` __...-.``-._|'` _.-'|     Port: 6781
 |    `-._   `._    /     _.-'    |     PID: 232789
  `-._    `-._  `-./  _.-'    _.-'
 |`-._`-._    `-.__.-'    _.-'_.-'|
 |    `-._`-._        _.-'_.-'    |           https://redis.io
  `-._    `-._`-.__.-'_.-'    _.-'
 |`-._`-._    `-.__.-'    _.-'_.-'|
 |    `-._`-._        _.-'_.-'    |
  `-._    `-._`-.__.-'_.-'    _.-'
      `-._    `-.__.-'    _.-'
          `-._        _.-'
              `-.__.-'

232789:M 23 Jul 2026 16:48:21.726 * <ai> Redis version found by RedisAI: 7.2.4 - oss
232789:M 23 Jul 2026 16:48:21.726 * <ai> RedisAI version 10207, git_sha=unknown
232789:M 23 Jul 2026 16:48:21.726 * Module 'ai' loaded from /rwthfs/rz/cluster/home/thes2181/python/smartsim_cpu/lib/python3.9/site-packages/smartsim/_core/lib/redisai.so
232789:M 23 Jul 2026 16:48:21.726 * Server initialized
232789:M 23 Jul 2026 16:48:21.727 * Ready to accept connections tcp
232789:M 23 Jul 2026 16:49:05.971 # <ai> backend TORCH not loaded, will try loading default backend
232789:M 23 Jul 2026 16:49:06.274 * <ai> TORCH backend loaded from /rwthfs/rz/cluster/home/thes2181/python/smartsim_cpu/lib/python3.9/site-packages/smartsim/_core/lib/backends/redisai_torch/redisai_torch.so
232789:M 23 Jul 2026 16:52:22.205 * User requested shutdown...
232789:M 23 Jul 2026 16:52:22.205 * <ai> Clearing resources on shutdown
232789:M 23 Jul 2026 16:52:22.205 * Removing the pid file.
232789:M 23 Jul 2026 16:52:22.205 # Redis is now ready to exit, bye bye...
