----------- Running Command ----------
COMMAND: /rwthfs/rz/cluster/home/thes2181/python/smartsim_cpu/lib/python3.9/site-packages/smartsim/_core/bin/redis-server /rwthfs/rz/cluster/home/thes2181/python/smartsim_cpu/lib/python3.9/site-packages/smartsim/_core/config/redis.conf --loadmodule /rwthfs/rz/cluster/home/thes2181/python/smartsim_cpu/lib/python3.9/site-packages/smartsim/_core/lib/redisai.so --port 6780 --bind 127.0.0.1 --bind-source-addr 127.0.0.1
IPADDRESS: 127.0.0.1
NETWORK: lo
SMARTSIM_ORC_SHARD_INFO: {"name": "orchestrator_0", "hostname": "127.0.0.1", "port": 6780, "cluster": false}
--------------------------------------

--------------- Output ---------------


383026:C 23 Jul 2026 15:28:24.851 # WARNING Memory overcommit must be enabled! Without it, a background save or replication may fail under low memory condition. To fix this issue add 'vm.overcommit_memory = 1' to /etc/sysctl.conf and then reboot or run the command 'sysctl vm.overcommit_memory=1' for this to take effect.
383026:C 23 Jul 2026 15:28:24.851 * oO0OoO0OoO0Oo Redis is starting oO0OoO0OoO0Oo
383026:C 23 Jul 2026 15:28:24.851 * Redis version=7.2.4, bits=64, commit=d2c8a4b9, modified=0, pid=383026, just started
383026:C 23 Jul 2026 15:28:24.851 * Configuration loaded
383026:M 23 Jul 2026 15:28:24.851 * monotonic clock: POSIX clock_gettime
383026:M 23 Jul 2026 15:28:24.852 # Failed to write PID file: Permission denied
                _._
           _.-``__ ''-._
      _.-``    `.  `_.  ''-._           Redis 7.2.4 (d2c8a4b9/0) 64 bit
  .-`` .-```.  ```\/    _.,_ ''-._
 (    '      ,       .-`  | `,    )     Running in standalone mode
 |`-._`-...-` __...-.``-._|'` _.-'|     Port: 6780
 |    `-._   `._    /     _.-'    |     PID: 383026
  `-._    `-._  `-./  _.-'    _.-'
 |`-._`-._    `-.__.-'    _.-'_.-'|
 |    `-._`-._        _.-'_.-'    |           https://redis.io
  `-._    `-._`-.__.-'_.-'    _.-'
 |`-._`-._    `-.__.-'    _.-'_.-'|
 |    `-._`-._        _.-'_.-'    |
  `-._    `-._`-.__.-'_.-'    _.-'
      `-._    `-.__.-'    _.-'
          `-._        _.-'
              `-.__.-'

383026:M 23 Jul 2026 15:28:24.875 * <ai> Redis version found by RedisAI: 7.2.4 - oss
383026:M 23 Jul 2026 15:28:24.875 * <ai> RedisAI version 10207, git_sha=unknown
383026:M 23 Jul 2026 15:28:24.876 * Module 'ai' loaded from /rwthfs/rz/cluster/home/thes2181/python/smartsim_cpu/lib/python3.9/site-packages/smartsim/_core/lib/redisai.so
383026:M 23 Jul 2026 15:28:24.876 * Server initialized
383026:M 23 Jul 2026 15:28:24.876 * Ready to accept connections tcp
383026:M 23 Jul 2026 15:29:21.125 # <ai> backend TORCH not loaded, will try loading default backend
383026:M 23 Jul 2026 15:29:22.382 * <ai> TORCH backend loaded from /rwthfs/rz/cluster/home/thes2181/python/smartsim_cpu/lib/python3.9/site-packages/smartsim/_core/lib/backends/redisai_torch/redisai_torch.so
383026:M 23 Jul 2026 15:32:38.540 * User requested shutdown...
383026:M 23 Jul 2026 15:32:38.540 * <ai> Clearing resources on shutdown
383026:M 23 Jul 2026 15:32:38.540 * Removing the pid file.
383026:M 23 Jul 2026 15:32:38.540 # Redis is now ready to exit, bye bye...
