----------- Running Command ----------
COMMAND: /rwthfs/rz/cluster/home/thes2181/python/smartsim_cpu/lib/python3.9/site-packages/smartsim/_core/bin/redis-server /rwthfs/rz/cluster/home/thes2181/python/smartsim_cpu/lib/python3.9/site-packages/smartsim/_core/config/redis.conf --loadmodule /rwthfs/rz/cluster/home/thes2181/python/smartsim_cpu/lib/python3.9/site-packages/smartsim/_core/lib/redisai.so THREADS_PER_QUEUE 1 INTER_OP_PARALLELISM 1 INTRA_OP_PARALLELISM 1 --port 6780 --bind 127.0.0.1 --bind-source-addr 127.0.0.1
IPADDRESS: 127.0.0.1
NETWORK: lo
SMARTSIM_ORC_SHARD_INFO: {"name": "orchestrator_0", "hostname": "127.0.0.1", "port": 6780, "cluster": false}
--------------------------------------

--------------- Output ---------------


31329:C 24 Jul 2026 03:04:01.953 # WARNING Memory overcommit must be enabled! Without it, a background save or replication may fail under low memory condition. To fix this issue add 'vm.overcommit_memory = 1' to /etc/sysctl.conf and then reboot or run the command 'sysctl vm.overcommit_memory=1' for this to take effect.
31329:C 24 Jul 2026 03:04:01.953 * oO0OoO0OoO0Oo Redis is starting oO0OoO0OoO0Oo
31329:C 24 Jul 2026 03:04:01.953 * Redis version=7.2.4, bits=64, commit=d2c8a4b9, modified=0, pid=31329, just started
31329:C 24 Jul 2026 03:04:01.953 * Configuration loaded
31329:M 24 Jul 2026 03:04:01.954 * monotonic clock: POSIX clock_gettime
31329:M 24 Jul 2026 03:04:01.954 # Failed to write PID file: Permission denied
                _._
           _.-``__ ''-._
      _.-``    `.  `_.  ''-._           Redis 7.2.4 (d2c8a4b9/0) 64 bit
  .-`` .-```.  ```\/    _.,_ ''-._
 (    '      ,       .-`  | `,    )     Running in standalone mode
 |`-._`-...-` __...-.``-._|'` _.-'|     Port: 6780
 |    `-._   `._    /     _.-'    |     PID: 31329
  `-._    `-._  `-./  _.-'    _.-'
 |`-._`-._    `-.__.-'    _.-'_.-'|
 |    `-._`-._        _.-'_.-'    |           https://redis.io
  `-._    `-._`-.__.-'_.-'    _.-'
 |`-._`-._    `-.__.-'    _.-'_.-'|
 |    `-._`-._        _.-'_.-'    |
  `-._    `-._`-.__.-'_.-'    _.-'
      `-._    `-.__.-'    _.-'
          `-._        _.-'
              `-.__.-'

31329:M 24 Jul 2026 03:04:01.955 * <ai> Redis version found by RedisAI: 7.2.4 - oss
31329:M 24 Jul 2026 03:04:01.955 * <ai> RedisAI version 10207, git_sha=unknown
31329:M 24 Jul 2026 03:04:01.955 * <ai> Setting THREADS_PER_QUEUE parameter to: 1
31329:M 24 Jul 2026 03:04:01.955 * <ai> Setting INTER_OP_PARALLELISM parameter to: 1
31329:M 24 Jul 2026 03:04:01.955 * <ai> Setting INTRA_OP_PARALLELISM parameter to: 1
31329:M 24 Jul 2026 03:04:01.955 * Module 'ai' loaded from /rwthfs/rz/cluster/home/thes2181/python/smartsim_cpu/lib/python3.9/site-packages/smartsim/_core/lib/redisai.so
31329:M 24 Jul 2026 03:04:01.955 * Server initialized
31329:M 24 Jul 2026 03:04:01.956 * Ready to accept connections tcp
31329:M 24 Jul 2026 03:04:18.661 # <ai> backend TORCH not loaded, will try loading default backend
31329:M 24 Jul 2026 03:04:18.975 * <ai> TORCH backend loaded from /rwthfs/rz/cluster/home/thes2181/python/smartsim_cpu/lib/python3.9/site-packages/smartsim/_core/lib/backends/redisai_torch/redisai_torch.so
31329:M 24 Jul 2026 03:07:42.841 * User requested shutdown...
31329:M 24 Jul 2026 03:07:42.841 * <ai> Clearing resources on shutdown
31329:M 24 Jul 2026 03:07:42.841 * Removing the pid file.
31329:M 24 Jul 2026 03:07:42.841 # Redis is now ready to exit, bye bye...
