----------- Running Command ----------
COMMAND: /rwthfs/rz/cluster/home/thes2181/python/smartsim_cpu/lib/python3.9/site-packages/smartsim/_core/bin/redis-server /rwthfs/rz/cluster/home/thes2181/python/smartsim_cpu/lib/python3.9/site-packages/smartsim/_core/config/redis.conf --loadmodule /rwthfs/rz/cluster/home/thes2181/python/smartsim_cpu/lib/python3.9/site-packages/smartsim/_core/lib/redisai.so THREADS_PER_QUEUE 1 INTER_OP_PARALLELISM 1 INTRA_OP_PARALLELISM 96 --port 6781 --bind 127.0.0.1 --bind-source-addr 127.0.0.1
IPADDRESS: 127.0.0.1
NETWORK: lo
SMARTSIM_ORC_SHARD_INFO: {"name": "orchestrator_0", "hostname": "127.0.0.1", "port": 6781, "cluster": false}
--------------------------------------

--------------- Output ---------------


383538:C 23 Jul 2026 20:18:41.575 # WARNING Memory overcommit must be enabled! Without it, a background save or replication may fail under low memory condition. To fix this issue add 'vm.overcommit_memory = 1' to /etc/sysctl.conf and then reboot or run the command 'sysctl vm.overcommit_memory=1' for this to take effect.
383538:C 23 Jul 2026 20:18:41.575 * oO0OoO0OoO0Oo Redis is starting oO0OoO0OoO0Oo
383538:C 23 Jul 2026 20:18:41.575 * Redis version=7.2.4, bits=64, commit=d2c8a4b9, modified=0, pid=383538, just started
383538:C 23 Jul 2026 20:18:41.575 * Configuration loaded
383538:M 23 Jul 2026 20:18:41.575 * monotonic clock: POSIX clock_gettime
383538:M 23 Jul 2026 20:18:41.576 # Failed to write PID file: Permission denied
                _._
           _.-``__ ''-._
      _.-``    `.  `_.  ''-._           Redis 7.2.4 (d2c8a4b9/0) 64 bit
  .-`` .-```.  ```\/    _.,_ ''-._
 (    '      ,       .-`  | `,    )     Running in standalone mode
 |`-._`-...-` __...-.``-._|'` _.-'|     Port: 6781
 |    `-._   `._    /     _.-'    |     PID: 383538
  `-._    `-._  `-./  _.-'    _.-'
 |`-._`-._    `-.__.-'    _.-'_.-'|
 |    `-._`-._        _.-'_.-'    |           https://redis.io
  `-._    `-._`-.__.-'_.-'    _.-'
 |`-._`-._    `-.__.-'    _.-'_.-'|
 |    `-._`-._        _.-'_.-'    |
  `-._    `-._`-.__.-'_.-'    _.-'
      `-._    `-.__.-'    _.-'
          `-._        _.-'
              `-.__.-'

383538:M 23 Jul 2026 20:18:41.577 * <ai> Redis version found by RedisAI: 7.2.4 - oss
383538:M 23 Jul 2026 20:18:41.577 * <ai> RedisAI version 10207, git_sha=unknown
383538:M 23 Jul 2026 20:18:41.577 * <ai> Setting THREADS_PER_QUEUE parameter to: 1
383538:M 23 Jul 2026 20:18:41.577 * <ai> Setting INTER_OP_PARALLELISM parameter to: 1
383538:M 23 Jul 2026 20:18:41.577 * <ai> Setting INTRA_OP_PARALLELISM parameter to: 96
383538:M 23 Jul 2026 20:18:41.577 * Module 'ai' loaded from /rwthfs/rz/cluster/home/thes2181/python/smartsim_cpu/lib/python3.9/site-packages/smartsim/_core/lib/redisai.so
383538:M 23 Jul 2026 20:18:41.577 * Server initialized
383538:M 23 Jul 2026 20:18:41.578 * Ready to accept connections tcp
383538:M 23 Jul 2026 20:18:58.361 # <ai> backend TORCH not loaded, will try loading default backend
383538:M 23 Jul 2026 20:18:58.671 * <ai> TORCH backend loaded from /rwthfs/rz/cluster/home/thes2181/python/smartsim_cpu/lib/python3.9/site-packages/smartsim/_core/lib/backends/redisai_torch/redisai_torch.so
383538:M 23 Jul 2026 20:52:33.207 * User requested shutdown...
383538:M 23 Jul 2026 20:52:33.207 * <ai> Clearing resources on shutdown
383538:M 23 Jul 2026 20:52:33.207 * Removing the pid file.
383538:M 23 Jul 2026 20:52:33.207 # Redis is now ready to exit, bye bye...
