----------- Running Command ----------
COMMAND: /rwthfs/rz/cluster/home/thes2181/python/smartsim_cpu/lib/python3.9/site-packages/smartsim/_core/bin/redis-server /rwthfs/rz/cluster/home/thes2181/python/smartsim_cpu/lib/python3.9/site-packages/smartsim/_core/config/redis.conf --loadmodule /rwthfs/rz/cluster/home/thes2181/python/smartsim_cpu/lib/python3.9/site-packages/smartsim/_core/lib/redisai.so --port 6781 --bind 127.0.0.1 --bind-source-addr 127.0.0.1
IPADDRESS: 127.0.0.1
NETWORK: lo
SMARTSIM_ORC_SHARD_INFO: {"name": "orchestrator_0", "hostname": "127.0.0.1", "port": 6781, "cluster": false}
--------------------------------------

--------------- Output ---------------


241051:C 23 Jul 2026 16:58:11.780 # WARNING Memory overcommit must be enabled! Without it, a background save or replication may fail under low memory condition. To fix this issue add 'vm.overcommit_memory = 1' to /etc/sysctl.conf and then reboot or run the command 'sysctl vm.overcommit_memory=1' for this to take effect.
241051:C 23 Jul 2026 16:58:11.780 * oO0OoO0OoO0Oo Redis is starting oO0OoO0OoO0Oo
241051:C 23 Jul 2026 16:58:11.780 * Redis version=7.2.4, bits=64, commit=d2c8a4b9, modified=0, pid=241051, just started
241051:C 23 Jul 2026 16:58:11.780 * Configuration loaded
241051:M 23 Jul 2026 16:58:11.780 * monotonic clock: POSIX clock_gettime
241051:M 23 Jul 2026 16:58:11.781 # Failed to write PID file: Permission denied
                _._
           _.-``__ ''-._
      _.-``    `.  `_.  ''-._           Redis 7.2.4 (d2c8a4b9/0) 64 bit
  .-`` .-```.  ```\/    _.,_ ''-._
 (    '      ,       .-`  | `,    )     Running in standalone mode
 |`-._`-...-` __...-.``-._|'` _.-'|     Port: 6781
 |    `-._   `._    /     _.-'    |     PID: 241051
  `-._    `-._  `-./  _.-'    _.-'
 |`-._`-._    `-.__.-'    _.-'_.-'|
 |    `-._`-._        _.-'_.-'    |           https://redis.io
  `-._    `-._`-.__.-'_.-'    _.-'
 |`-._`-._    `-.__.-'    _.-'_.-'|
 |    `-._`-._        _.-'_.-'    |
  `-._    `-._`-.__.-'_.-'    _.-'
      `-._    `-.__.-'    _.-'
          `-._        _.-'
              `-.__.-'

241051:M 23 Jul 2026 16:58:11.781 * <ai> Redis version found by RedisAI: 7.2.4 - oss
241051:M 23 Jul 2026 16:58:11.781 * <ai> RedisAI version 10207, git_sha=unknown
241051:M 23 Jul 2026 16:58:11.782 * Module 'ai' loaded from /rwthfs/rz/cluster/home/thes2181/python/smartsim_cpu/lib/python3.9/site-packages/smartsim/_core/lib/redisai.so
241051:M 23 Jul 2026 16:58:11.782 * Server initialized
241051:M 23 Jul 2026 16:58:11.782 * Ready to accept connections tcp
241051:M 23 Jul 2026 16:58:28.684 # <ai> backend TORCH not loaded, will try loading default backend
241051:M 23 Jul 2026 16:58:28.985 * <ai> TORCH backend loaded from /rwthfs/rz/cluster/home/thes2181/python/smartsim_cpu/lib/python3.9/site-packages/smartsim/_core/lib/backends/redisai_torch/redisai_torch.so
241051:M 23 Jul 2026 17:01:43.157 * User requested shutdown...
241051:M 23 Jul 2026 17:01:43.157 * <ai> Clearing resources on shutdown
241051:M 23 Jul 2026 17:01:43.157 * Removing the pid file.
241051:M 23 Jul 2026 17:01:43.157 # Redis is now ready to exit, bye bye...
