----------- Running Command ----------
COMMAND: /rwthfs/rz/cluster/home/thes2181/python/smartsim_cpu/lib/python3.9/site-packages/smartsim/_core/bin/redis-server /rwthfs/rz/cluster/home/thes2181/python/smartsim_cpu/lib/python3.9/site-packages/smartsim/_core/config/redis.conf --loadmodule /rwthfs/rz/cluster/home/thes2181/python/smartsim_cpu/lib/python3.9/site-packages/smartsim/_core/lib/redisai.so THREADS_PER_QUEUE 1 INTER_OP_PARALLELISM 1 INTRA_OP_PARALLELISM 96 --port 6781 --bind 127.0.0.1 --bind-source-addr 127.0.0.1
IPADDRESS: 127.0.0.1
NETWORK: lo
SMARTSIM_ORC_SHARD_INFO: {"name": "orchestrator_0", "hostname": "127.0.0.1", "port": 6781, "cluster": false}
--------------------------------------

--------------- Output ---------------


355510:C 23 Jul 2026 19:11:45.530 # WARNING Memory overcommit must be enabled! Without it, a background save or replication may fail under low memory condition. To fix this issue add 'vm.overcommit_memory = 1' to /etc/sysctl.conf and then reboot or run the command 'sysctl vm.overcommit_memory=1' for this to take effect.
355510:C 23 Jul 2026 19:11:45.530 * oO0OoO0OoO0Oo Redis is starting oO0OoO0OoO0Oo
355510:C 23 Jul 2026 19:11:45.530 * Redis version=7.2.4, bits=64, commit=d2c8a4b9, modified=0, pid=355510, just started
355510:C 23 Jul 2026 19:11:45.530 * Configuration loaded
355510:M 23 Jul 2026 19:11:45.531 * monotonic clock: POSIX clock_gettime
355510:M 23 Jul 2026 19:11:45.531 # Failed to write PID file: Permission denied
                _._
           _.-``__ ''-._
      _.-``    `.  `_.  ''-._           Redis 7.2.4 (d2c8a4b9/0) 64 bit
  .-`` .-```.  ```\/    _.,_ ''-._
 (    '      ,       .-`  | `,    )     Running in standalone mode
 |`-._`-...-` __...-.``-._|'` _.-'|     Port: 6781
 |    `-._   `._    /     _.-'    |     PID: 355510
  `-._    `-._  `-./  _.-'    _.-'
 |`-._`-._    `-.__.-'    _.-'_.-'|
 |    `-._`-._        _.-'_.-'    |           https://redis.io
  `-._    `-._`-.__.-'_.-'    _.-'
 |`-._`-._    `-.__.-'    _.-'_.-'|
 |    `-._`-._        _.-'_.-'    |
  `-._    `-._`-.__.-'_.-'    _.-'
      `-._    `-.__.-'    _.-'
          `-._        _.-'
              `-.__.-'

355510:M 23 Jul 2026 19:11:45.532 * <ai> Redis version found by RedisAI: 7.2.4 - oss
355510:M 23 Jul 2026 19:11:45.532 * <ai> RedisAI version 10207, git_sha=unknown
355510:M 23 Jul 2026 19:11:45.532 * <ai> Setting THREADS_PER_QUEUE parameter to: 1
355510:M 23 Jul 2026 19:11:45.532 * <ai> Setting INTER_OP_PARALLELISM parameter to: 1
355510:M 23 Jul 2026 19:11:45.532 * <ai> Setting INTRA_OP_PARALLELISM parameter to: 96
355510:M 23 Jul 2026 19:11:45.532 * Module 'ai' loaded from /rwthfs/rz/cluster/home/thes2181/python/smartsim_cpu/lib/python3.9/site-packages/smartsim/_core/lib/redisai.so
355510:M 23 Jul 2026 19:11:45.533 * Server initialized
355510:M 23 Jul 2026 19:11:45.533 * Ready to accept connections tcp
355510:M 23 Jul 2026 19:12:02.412 # <ai> backend TORCH not loaded, will try loading default backend
355510:M 23 Jul 2026 19:12:02.733 * <ai> TORCH backend loaded from /rwthfs/rz/cluster/home/thes2181/python/smartsim_cpu/lib/python3.9/site-packages/smartsim/_core/lib/backends/redisai_torch/redisai_torch.so
355510:signal-handler (1784828519) Received SIGTERM scheduling shutdown...
