----------- Running Command ----------
COMMAND: /rwthfs/rz/cluster/home/thes2181/python/smartsim_cpu/lib/python3.9/site-packages/smartsim/_core/bin/redis-server /rwthfs/rz/cluster/home/thes2181/python/smartsim_cpu/lib/python3.9/site-packages/smartsim/_core/config/redis.conf --loadmodule /rwthfs/rz/cluster/home/thes2181/python/smartsim_cpu/lib/python3.9/site-packages/smartsim/_core/lib/redisai.so --port 6780 --bind 127.0.0.1 --bind-source-addr 127.0.0.1
IPADDRESS: 127.0.0.1
NETWORK: lo
SMARTSIM_ORC_SHARD_INFO: {"name": "orchestrator_0", "hostname": "127.0.0.1", "port": 6780, "cluster": false}
--------------------------------------

--------------- Output ---------------


263427:C 23 Jul 2026 17:25:03.933 # WARNING Memory overcommit must be enabled! Without it, a background save or replication may fail under low memory condition. To fix this issue add 'vm.overcommit_memory = 1' to /etc/sysctl.conf and then reboot or run the command 'sysctl vm.overcommit_memory=1' for this to take effect.
263427:C 23 Jul 2026 17:25:03.933 * oO0OoO0OoO0Oo Redis is starting oO0OoO0OoO0Oo
263427:C 23 Jul 2026 17:25:03.933 * Redis version=7.2.4, bits=64, commit=d2c8a4b9, modified=0, pid=263427, just started
263427:C 23 Jul 2026 17:25:03.933 * Configuration loaded
263427:M 23 Jul 2026 17:25:03.933 * monotonic clock: POSIX clock_gettime
263427:M 23 Jul 2026 17:25:03.934 # Failed to write PID file: Permission denied
                _._
           _.-``__ ''-._
      _.-``    `.  `_.  ''-._           Redis 7.2.4 (d2c8a4b9/0) 64 bit
  .-`` .-```.  ```\/    _.,_ ''-._
 (    '      ,       .-`  | `,    )     Running in standalone mode
 |`-._`-...-` __...-.``-._|'` _.-'|     Port: 6780
 |    `-._   `._    /     _.-'    |     PID: 263427
  `-._    `-._  `-./  _.-'    _.-'
 |`-._`-._    `-.__.-'    _.-'_.-'|
 |    `-._`-._        _.-'_.-'    |           https://redis.io
  `-._    `-._`-.__.-'_.-'    _.-'
 |`-._`-._    `-.__.-'    _.-'_.-'|
 |    `-._`-._        _.-'_.-'    |
  `-._    `-._`-.__.-'_.-'    _.-'
      `-._    `-.__.-'    _.-'
          `-._        _.-'
              `-.__.-'

263427:M 23 Jul 2026 17:25:03.934 * <ai> Redis version found by RedisAI: 7.2.4 - oss
263427:M 23 Jul 2026 17:25:03.934 * <ai> RedisAI version 10207, git_sha=unknown
263427:M 23 Jul 2026 17:25:03.934 * Module 'ai' loaded from /rwthfs/rz/cluster/home/thes2181/python/smartsim_cpu/lib/python3.9/site-packages/smartsim/_core/lib/redisai.so
263427:M 23 Jul 2026 17:25:03.935 * Server initialized
263427:M 23 Jul 2026 17:25:03.935 * Ready to accept connections tcp
263427:M 23 Jul 2026 17:25:19.767 # <ai> backend TORCH not loaded, will try loading default backend
263427:M 23 Jul 2026 17:25:20.063 * <ai> TORCH backend loaded from /rwthfs/rz/cluster/home/thes2181/python/smartsim_cpu/lib/python3.9/site-packages/smartsim/_core/lib/backends/redisai_torch/redisai_torch.so
263427:M 23 Jul 2026 17:28:47.225 * User requested shutdown...
263427:M 23 Jul 2026 17:28:47.225 * <ai> Clearing resources on shutdown
263427:M 23 Jul 2026 17:28:47.225 * Removing the pid file.
263427:M 23 Jul 2026 17:28:47.225 # Redis is now ready to exit, bye bye...
