----------- Running Command ----------
COMMAND: /rwthfs/rz/cluster/home/thes2181/python/smartsim_cpu/lib/python3.9/site-packages/smartsim/_core/bin/redis-server /rwthfs/rz/cluster/home/thes2181/python/smartsim_cpu/lib/python3.9/site-packages/smartsim/_core/config/redis.conf --loadmodule /rwthfs/rz/cluster/home/thes2181/python/smartsim_cpu/lib/python3.9/site-packages/smartsim/_core/lib/redisai.so THREADS_PER_QUEUE 1 INTER_OP_PARALLELISM 1 INTRA_OP_PARALLELISM 48 --port 6780 --bind 127.0.0.1 --bind-source-addr 127.0.0.1
IPADDRESS: 127.0.0.1
NETWORK: lo
SMARTSIM_ORC_SHARD_INFO: {"name": "orchestrator_0", "hostname": "127.0.0.1", "port": 6780, "cluster": false}
--------------------------------------

--------------- Output ---------------


69298:C 24 Jul 2026 03:58:57.531 # WARNING Memory overcommit must be enabled! Without it, a background save or replication may fail under low memory condition. To fix this issue add 'vm.overcommit_memory = 1' to /etc/sysctl.conf and then reboot or run the command 'sysctl vm.overcommit_memory=1' for this to take effect.
69298:C 24 Jul 2026 03:58:57.531 * oO0OoO0OoO0Oo Redis is starting oO0OoO0OoO0Oo
69298:C 24 Jul 2026 03:58:57.531 * Redis version=7.2.4, bits=64, commit=d2c8a4b9, modified=0, pid=69298, just started
69298:C 24 Jul 2026 03:58:57.531 * Configuration loaded
69298:M 24 Jul 2026 03:58:57.531 * monotonic clock: POSIX clock_gettime
69298:M 24 Jul 2026 03:58:57.532 # Failed to write PID file: Permission denied
                _._
           _.-``__ ''-._
      _.-``    `.  `_.  ''-._           Redis 7.2.4 (d2c8a4b9/0) 64 bit
  .-`` .-```.  ```\/    _.,_ ''-._
 (    '      ,       .-`  | `,    )     Running in standalone mode
 |`-._`-...-` __...-.``-._|'` _.-'|     Port: 6780
 |    `-._   `._    /     _.-'    |     PID: 69298
  `-._    `-._  `-./  _.-'    _.-'
 |`-._`-._    `-.__.-'    _.-'_.-'|
 |    `-._`-._        _.-'_.-'    |           https://redis.io
  `-._    `-._`-.__.-'_.-'    _.-'
 |`-._`-._    `-.__.-'    _.-'_.-'|
 |    `-._`-._        _.-'_.-'    |
  `-._    `-._`-.__.-'_.-'    _.-'
      `-._    `-.__.-'    _.-'
          `-._        _.-'
              `-.__.-'

69298:M 24 Jul 2026 03:58:57.533 * <ai> Redis version found by RedisAI: 7.2.4 - oss
69298:M 24 Jul 2026 03:58:57.533 * <ai> RedisAI version 10207, git_sha=unknown
69298:M 24 Jul 2026 03:58:57.533 * <ai> Setting THREADS_PER_QUEUE parameter to: 1
69298:M 24 Jul 2026 03:58:57.533 * <ai> Setting INTER_OP_PARALLELISM parameter to: 1
69298:M 24 Jul 2026 03:58:57.533 * <ai> Setting INTRA_OP_PARALLELISM parameter to: 48
69298:M 24 Jul 2026 03:58:57.533 * Module 'ai' loaded from /rwthfs/rz/cluster/home/thes2181/python/smartsim_cpu/lib/python3.9/site-packages/smartsim/_core/lib/redisai.so
69298:M 24 Jul 2026 03:58:57.533 * Server initialized
69298:M 24 Jul 2026 03:58:57.533 * Ready to accept connections tcp
69298:M 24 Jul 2026 03:59:17.606 # <ai> backend TORCH not loaded, will try loading default backend
69298:M 24 Jul 2026 03:59:17.914 * <ai> TORCH backend loaded from /rwthfs/rz/cluster/home/thes2181/python/smartsim_cpu/lib/python3.9/site-packages/smartsim/_core/lib/backends/redisai_torch/redisai_torch.so
69298:M 24 Jul 2026 04:11:43.429 * User requested shutdown...
69298:M 24 Jul 2026 04:11:43.429 * <ai> Clearing resources on shutdown
69298:M 24 Jul 2026 04:11:43.429 * Removing the pid file.
69298:M 24 Jul 2026 04:11:43.429 # Redis is now ready to exit, bye bye...
