----------- Running Command ----------
COMMAND: /rwthfs/rz/cluster/home/thes2181/python/smartsim_cpu/lib/python3.9/site-packages/smartsim/_core/bin/redis-server /rwthfs/rz/cluster/home/thes2181/python/smartsim_cpu/lib/python3.9/site-packages/smartsim/_core/config/redis.conf --loadmodule /rwthfs/rz/cluster/home/thes2181/python/smartsim_cpu/lib/python3.9/site-packages/smartsim/_core/lib/redisai.so THREADS_PER_QUEUE 1 INTER_OP_PARALLELISM 1 INTRA_OP_PARALLELISM 48 --port 6780 --bind 127.0.0.1 --bind-source-addr 127.0.0.1
IPADDRESS: 127.0.0.1
NETWORK: lo
SMARTSIM_ORC_SHARD_INFO: {"name": "orchestrator_0", "hostname": "127.0.0.1", "port": 6780, "cluster": false}
--------------------------------------

--------------- Output ---------------


187010:C 24 Jul 2026 03:18:43.017 # WARNING Memory overcommit must be enabled! Without it, a background save or replication may fail under low memory condition. To fix this issue add 'vm.overcommit_memory = 1' to /etc/sysctl.conf and then reboot or run the command 'sysctl vm.overcommit_memory=1' for this to take effect.
187010:C 24 Jul 2026 03:18:43.017 * oO0OoO0OoO0Oo Redis is starting oO0OoO0OoO0Oo
187010:C 24 Jul 2026 03:18:43.017 * Redis version=7.2.4, bits=64, commit=d2c8a4b9, modified=0, pid=187010, just started
187010:C 24 Jul 2026 03:18:43.017 * Configuration loaded
187010:M 24 Jul 2026 03:18:43.017 * monotonic clock: POSIX clock_gettime
187010:M 24 Jul 2026 03:18:43.018 # Failed to write PID file: Permission denied
                _._
           _.-``__ ''-._
      _.-``    `.  `_.  ''-._           Redis 7.2.4 (d2c8a4b9/0) 64 bit
  .-`` .-```.  ```\/    _.,_ ''-._
 (    '      ,       .-`  | `,    )     Running in standalone mode
 |`-._`-...-` __...-.``-._|'` _.-'|     Port: 6780
 |    `-._   `._    /     _.-'    |     PID: 187010
  `-._    `-._  `-./  _.-'    _.-'
 |`-._`-._    `-.__.-'    _.-'_.-'|
 |    `-._`-._        _.-'_.-'    |           https://redis.io
  `-._    `-._`-.__.-'_.-'    _.-'
 |`-._`-._    `-.__.-'    _.-'_.-'|
 |    `-._`-._        _.-'_.-'    |
  `-._    `-._`-.__.-'_.-'    _.-'
      `-._    `-.__.-'    _.-'
          `-._        _.-'
              `-.__.-'

187010:M 24 Jul 2026 03:18:43.035 * <ai> Redis version found by RedisAI: 7.2.4 - oss
187010:M 24 Jul 2026 03:18:43.035 * <ai> RedisAI version 10207, git_sha=unknown
187010:M 24 Jul 2026 03:18:43.035 * <ai> Setting THREADS_PER_QUEUE parameter to: 1
187010:M 24 Jul 2026 03:18:43.035 * <ai> Setting INTER_OP_PARALLELISM parameter to: 1
187010:M 24 Jul 2026 03:18:43.035 * <ai> Setting INTRA_OP_PARALLELISM parameter to: 48
187010:M 24 Jul 2026 03:18:43.035 * Module 'ai' loaded from /rwthfs/rz/cluster/home/thes2181/python/smartsim_cpu/lib/python3.9/site-packages/smartsim/_core/lib/redisai.so
187010:M 24 Jul 2026 03:18:43.036 * Server initialized
187010:M 24 Jul 2026 03:18:43.036 * Ready to accept connections tcp
187010:M 24 Jul 2026 03:19:39.987 # <ai> backend TORCH not loaded, will try loading default backend
187010:M 24 Jul 2026 03:19:41.256 * <ai> TORCH backend loaded from /rwthfs/rz/cluster/home/thes2181/python/smartsim_cpu/lib/python3.9/site-packages/smartsim/_core/lib/backends/redisai_torch/redisai_torch.so
187010:M 24 Jul 2026 03:32:16.367 * User requested shutdown...
187010:M 24 Jul 2026 03:32:16.367 * <ai> Clearing resources on shutdown
187010:M 24 Jul 2026 03:32:16.367 * Removing the pid file.
187010:M 24 Jul 2026 03:32:16.367 # Redis is now ready to exit, bye bye...
