----------- Running Command ----------
COMMAND: /rwthfs/rz/cluster/home/thes2181/python/smartsim_cpu/lib/python3.9/site-packages/smartsim/_core/bin/redis-server /rwthfs/rz/cluster/home/thes2181/python/smartsim_cpu/lib/python3.9/site-packages/smartsim/_core/config/redis.conf --loadmodule /rwthfs/rz/cluster/home/thes2181/python/smartsim_cpu/lib/python3.9/site-packages/smartsim/_core/lib/redisai.so THREADS_PER_QUEUE 1 INTER_OP_PARALLELISM 1 INTRA_OP_PARALLELISM 1 --port 6780 --bind 127.0.0.1 --bind-source-addr 127.0.0.1
IPADDRESS: 127.0.0.1
NETWORK: lo
SMARTSIM_ORC_SHARD_INFO: {"name": "orchestrator_0", "hostname": "127.0.0.1", "port": 6780, "cluster": false}
--------------------------------------

--------------- Output ---------------


12942:C 24 Jul 2026 02:41:51.504 # WARNING Memory overcommit must be enabled! Without it, a background save or replication may fail under low memory condition. To fix this issue add 'vm.overcommit_memory = 1' to /etc/sysctl.conf and then reboot or run the command 'sysctl vm.overcommit_memory=1' for this to take effect.
12942:C 24 Jul 2026 02:41:51.504 * oO0OoO0OoO0Oo Redis is starting oO0OoO0OoO0Oo
12942:C 24 Jul 2026 02:41:51.504 * Redis version=7.2.4, bits=64, commit=d2c8a4b9, modified=0, pid=12942, just started
12942:C 24 Jul 2026 02:41:51.504 * Configuration loaded
12942:M 24 Jul 2026 02:41:51.505 * monotonic clock: POSIX clock_gettime
12942:M 24 Jul 2026 02:41:51.505 # Failed to write PID file: Permission denied
                _._
           _.-``__ ''-._
      _.-``    `.  `_.  ''-._           Redis 7.2.4 (d2c8a4b9/0) 64 bit
  .-`` .-```.  ```\/    _.,_ ''-._
 (    '      ,       .-`  | `,    )     Running in standalone mode
 |`-._`-...-` __...-.``-._|'` _.-'|     Port: 6780
 |    `-._   `._    /     _.-'    |     PID: 12942
  `-._    `-._  `-./  _.-'    _.-'
 |`-._`-._    `-.__.-'    _.-'_.-'|
 |    `-._`-._        _.-'_.-'    |           https://redis.io
  `-._    `-._`-.__.-'_.-'    _.-'
 |`-._`-._    `-.__.-'    _.-'_.-'|
 |    `-._`-._        _.-'_.-'    |
  `-._    `-._`-.__.-'_.-'    _.-'
      `-._    `-.__.-'    _.-'
          `-._        _.-'
              `-.__.-'

12942:M 24 Jul 2026 02:41:51.506 * <ai> Redis version found by RedisAI: 7.2.4 - oss
12942:M 24 Jul 2026 02:41:51.506 * <ai> RedisAI version 10207, git_sha=unknown
12942:M 24 Jul 2026 02:41:51.506 * <ai> Setting THREADS_PER_QUEUE parameter to: 1
12942:M 24 Jul 2026 02:41:51.506 * <ai> Setting INTER_OP_PARALLELISM parameter to: 1
12942:M 24 Jul 2026 02:41:51.506 * <ai> Setting INTRA_OP_PARALLELISM parameter to: 1
12942:M 24 Jul 2026 02:41:51.506 * Module 'ai' loaded from /rwthfs/rz/cluster/home/thes2181/python/smartsim_cpu/lib/python3.9/site-packages/smartsim/_core/lib/redisai.so
12942:M 24 Jul 2026 02:41:51.506 * Server initialized
12942:M 24 Jul 2026 02:41:51.507 * Ready to accept connections tcp
12942:M 24 Jul 2026 02:42:08.281 # <ai> backend TORCH not loaded, will try loading default backend
12942:M 24 Jul 2026 02:42:08.598 * <ai> TORCH backend loaded from /rwthfs/rz/cluster/home/thes2181/python/smartsim_cpu/lib/python3.9/site-packages/smartsim/_core/lib/backends/redisai_torch/redisai_torch.so
12942:M 24 Jul 2026 02:45:15.858 * User requested shutdown...
12942:M 24 Jul 2026 02:45:15.858 * <ai> Clearing resources on shutdown
12942:M 24 Jul 2026 02:45:15.858 * Removing the pid file.
12942:M 24 Jul 2026 02:45:15.858 # Redis is now ready to exit, bye bye...
