----------- Running Command ----------
COMMAND: /rwthfs/rz/cluster/home/thes2181/python/smartsim_cpu/lib/python3.9/site-packages/smartsim/_core/bin/redis-server /rwthfs/rz/cluster/home/thes2181/python/smartsim_cpu/lib/python3.9/site-packages/smartsim/_core/config/redis.conf --loadmodule /rwthfs/rz/cluster/home/thes2181/python/smartsim_cpu/lib/python3.9/site-packages/smartsim/_core/lib/redisai.so THREADS_PER_QUEUE 96 INTER_OP_PARALLELISM 1 INTRA_OP_PARALLELISM 1 --port 6781 --bind 127.0.0.1 --bind-source-addr 127.0.0.1
IPADDRESS: 127.0.0.1
NETWORK: lo
SMARTSIM_ORC_SHARD_INFO: {"name": "orchestrator_0", "hostname": "127.0.0.1", "port": 6781, "cluster": false}
--------------------------------------

--------------- Output ---------------


43484:C 24 Jul 2026 03:14:18.519 # WARNING Memory overcommit must be enabled! Without it, a background save or replication may fail under low memory condition. To fix this issue add 'vm.overcommit_memory = 1' to /etc/sysctl.conf and then reboot or run the command 'sysctl vm.overcommit_memory=1' for this to take effect.
43484:C 24 Jul 2026 03:14:18.519 * oO0OoO0OoO0Oo Redis is starting oO0OoO0OoO0Oo
43484:C 24 Jul 2026 03:14:18.519 * Redis version=7.2.4, bits=64, commit=d2c8a4b9, modified=0, pid=43484, just started
43484:C 24 Jul 2026 03:14:18.519 * Configuration loaded
43484:M 24 Jul 2026 03:14:18.520 * monotonic clock: POSIX clock_gettime
43484:M 24 Jul 2026 03:14:18.520 # Failed to write PID file: Permission denied
                _._
           _.-``__ ''-._
      _.-``    `.  `_.  ''-._           Redis 7.2.4 (d2c8a4b9/0) 64 bit
  .-`` .-```.  ```\/    _.,_ ''-._
 (    '      ,       .-`  | `,    )     Running in standalone mode
 |`-._`-...-` __...-.``-._|'` _.-'|     Port: 6781
 |    `-._   `._    /     _.-'    |     PID: 43484
  `-._    `-._  `-./  _.-'    _.-'
 |`-._`-._    `-.__.-'    _.-'_.-'|
 |    `-._`-._        _.-'_.-'    |           https://redis.io
  `-._    `-._`-.__.-'_.-'    _.-'
 |`-._`-._    `-.__.-'    _.-'_.-'|
 |    `-._`-._        _.-'_.-'    |
  `-._    `-._`-.__.-'_.-'    _.-'
      `-._    `-.__.-'    _.-'
          `-._        _.-'
              `-.__.-'

43484:M 24 Jul 2026 03:14:18.521 * <ai> Redis version found by RedisAI: 7.2.4 - oss
43484:M 24 Jul 2026 03:14:18.521 * <ai> RedisAI version 10207, git_sha=unknown
43484:M 24 Jul 2026 03:14:18.521 * <ai> Setting THREADS_PER_QUEUE parameter to: 96
43484:M 24 Jul 2026 03:14:18.521 * <ai> Setting INTER_OP_PARALLELISM parameter to: 1
43484:M 24 Jul 2026 03:14:18.521 * <ai> Setting INTRA_OP_PARALLELISM parameter to: 1
43484:M 24 Jul 2026 03:14:18.524 * Module 'ai' loaded from /rwthfs/rz/cluster/home/thes2181/python/smartsim_cpu/lib/python3.9/site-packages/smartsim/_core/lib/redisai.so
43484:M 24 Jul 2026 03:14:18.524 * Server initialized
43484:M 24 Jul 2026 03:14:18.524 * Ready to accept connections tcp
43484:M 24 Jul 2026 03:14:35.154 # <ai> backend TORCH not loaded, will try loading default backend
43484:M 24 Jul 2026 03:14:35.532 * <ai> TORCH backend loaded from /rwthfs/rz/cluster/home/thes2181/python/smartsim_cpu/lib/python3.9/site-packages/smartsim/_core/lib/backends/redisai_torch/redisai_torch.so
43484:M 24 Jul 2026 03:14:58.602 * User requested shutdown...
43484:M 24 Jul 2026 03:14:58.602 * <ai> Clearing resources on shutdown
43484:M 24 Jul 2026 03:14:58.602 * Removing the pid file.
43484:M 24 Jul 2026 03:14:58.602 # Redis is now ready to exit, bye bye...
